---
source: tests/error_taxonomy.rs
expression: json
---
{
  "code": "runtime.binding.field_missing",
  "detail": "runtime field binding is absent from the metadata manifest",
  "status": 500,
  "title": "Runtime field missing from metadata",
  "type": "https://data.example.gov/problems/runtime/binding/field_missing"
}
