---
source: tests/error_taxonomy.rs
expression: json
---
{
  "code": "spatial.filter_unsupported",
  "detail": "parameter cannot be evaluated: bbox",
  "parameter": "bbox",
  "status": 400,
  "title": "Spatial filter unsupported",
  "type": "https://registry-relay.dev/problems/spatial/filter_unsupported"
}
