---
source: tests/error_taxonomy.rs
expression: json
---
{
  "code": "aggregate.execution_failed",
  "detail": "query engine returned an execution error",
  "status": 500,
  "title": "Aggregate execution failed",
  "type": "https://id.registrystack.org/problems/registry-relay/aggregate/execution_failed"
}
