---
source: tests/error_taxonomy.rs
expression: json
---
{
  "code": "filter.unknown_field",
  "detail": "query parameter references a field not in the resource schema",
  "status": 400,
  "title": "Unknown filter field",
  "type": "https://id.registrystack.org/problems/registry-relay/filter/unknown_field"
}
